// Jest Snapshot v1, https://goo.gl/fbAQLP

exports[`renders Search component correctly 1`] = `
<div
  className="MuiGrid-root MuiGrid-item MuiGrid-grid-xs-12"
  style={
    Object {
      "marginBottom": 40,
    }
  }
>
  <p
    style={
      Object {
        "fontSize": "24px",
        "fontWeight": "lighter",
      }
    }
  >
    El que quiere Pokemon, que los busque.
  </p>
  <div
    className="MuiGrid-root MuiGrid-container MuiGrid-justify-xs-center"
  >
    <div
      className="MuiFormControl-root MuiTextField-root"
      style={
        Object {
          "marginRight": 20,
          "width": "70%",
        }
      }
    >
      <label
        className="MuiFormLabel-root MuiInputLabel-root MuiInputLabel-formControl MuiInputLabel-animated MuiInputLabel-marginDense MuiInputLabel-outlined"
        data-shrink={false}
        htmlFor="outlined-basic"
        id="outlined-basic-label"
      >
        Ingrese el nombre a buscar
      </label>
      <div
        className="MuiInputBase-root MuiOutlinedInput-root MuiInputBase-formControl MuiInputBase-marginDense MuiOutlinedInput-marginDense"
        onClick={[Function]}
      >
        <input
          aria-invalid={false}
          autoFocus={false}
          className="MuiInputBase-input MuiOutlinedInput-input MuiInputBase-inputMarginDense MuiOutlinedInput-inputMarginDense"
          disabled={false}
          id="outlined-basic"
          onAnimationStart={[Function]}
          onBlur={[Function]}
          onChange={[Function]}
          onFocus={[Function]}
          required={false}
          type="text"
        />
        <fieldset
          aria-hidden={true}
          className="PrivateNotchedOutline-root-1 MuiOutlinedInput-notchedOutline"
        >
          <legend
            className="PrivateNotchedOutline-legendLabelled-3"
          >
            <span>
              Ingrese el nombre a buscar
            </span>
          </legend>
        </fieldset>
      </div>
    </div>
    <div
      className="MuiFormControl-root"
    >
      <div
        className="MuiInputBase-root MuiOutlinedInput-root MuiInputBase-formControl MuiInputBase-marginDense MuiOutlinedInput-marginDense"
        onClick={[Function]}
        size="small"
      >
        <div
          aria-haspopup="listbox"
          aria-labelledby="demo-simple-select-outlined-label demo-simple-select-outlined"
          className="MuiSelect-root MuiSelect-select MuiSelect-selectMenu MuiSelect-outlined MuiInputBase-input MuiOutlinedInput-input MuiInputBase-inputMarginDense MuiOutlinedInput-inputMarginDense"
          id="demo-simple-select-outlined"
          onBlur={[Function]}
          onFocus={[Function]}
          onKeyDown={[Function]}
          onMouseDown={[Function]}
          role="button"
          tabIndex={0}
        >
          <span
            dangerouslySetInnerHTML={
              Object {
                "__html": "&#8203;",
              }
            }
          />
        </div>
        <input
          aria-hidden={true}
          className="MuiSelect-nativeInput"
          onAnimationStart={[Function]}
          onChange={[Function]}
          required={false}
          tabIndex={-1}
        />
        <svg
          aria-hidden={true}
          className="MuiSvgIcon-root MuiSelect-icon MuiSelect-iconOutlined"
          focusable="false"
          viewBox="0 0 24 24"
        >
          <path
            d="M7 10l5 5 5-5z"
          />
        </svg>
        <fieldset
          aria-hidden={true}
          className="PrivateNotchedOutline-root-1 MuiOutlinedInput-notchedOutline"
          style={
            Object {
              "paddingLeft": 8,
            }
          }
        >
          <legend
            className="PrivateNotchedOutline-legend-2"
            style={
              Object {
                "width": 0.01,
              }
            }
          >
            <span
              dangerouslySetInnerHTML={
                Object {
                  "__html": "&#8203;",
                }
              }
            />
          </legend>
        </fieldset>
      </div>
    </div>
  </div>
</div>
`;
